../Core/Src/main.c:117:5:main	40	static
../Core/Src/main.c:217:6:SystemClock_Config	88	static
../Core/Src/main.c:252:13:MX_CAN_Init	8	static
../Core/Src/main.c:297:13:MX_SPI1_Init	8	static
../Core/Src/main.c:337:13:MX_GPIO_Init	48	static
../Core/Src/main.c:380:10:getRawRotation	16	static
../Core/Src/main.c:389:10:sendCAN	64	static
../Core/Src/main.c:416:10:getRX0Count	8	static
../Core/Src/main.c:420:10:getRX1Count	8	static
../Core/Src/main.c:424:6:readCAN	88	static
../Core/Src/main.c:451:9:isDeadFace	16	static
../Core/Src/main.c:467:6:Error_Handler	8	static,ignoring_inline_asm
