../Core/Src/main.c:109:5:main	40	static
../Core/Src/main.c:185:6:SystemClock_Config	88	static
../Core/Src/main.c:220:13:MX_CAN_Init	8	static
../Core/Src/main.c:265:13:MX_SPI1_Init	8	static
../Core/Src/main.c:305:13:MX_GPIO_Init	48	static
../Core/Src/main.c:348:10:getRawRotation	16	static
../Core/Src/main.c:357:10:sendCAN	64	static
../Core/Src/main.c:387:10:getRX0Count	8	static
../Core/Src/main.c:391:10:getRX1Count	8	static
../Core/Src/main.c:395:6:readCAN	80	static
../Core/Src/main.c:416:6:Error_Handler	8	static,ignoring_inline_asm
